[ozellerkuyumculuk.com.tr/index.html]
[backblue.gif]
[fade.gif]
[index.html]
[ozellerkuyumculuk.com.tr/images/logo.png]
[ozellerkuyumculuk.com.tr/images/favicon.png]
[cdnjs.cloudflare.com/ajax/libs/font-awesome/4.5.0/css/font-awesome.min.css]
[cdnjs.cloudflare.com/ajax/libs/bootstrap/4.6.2/css/bootstrap.min.css]
[cdnjs.cloudflare.com/ajax/libs/jquery/3.7.1/jquery.min.js]
[cdnjs.cloudflare.com/ajax/libs/bootstrap/4.6.2/js/bootstrap.min.js]
[ozellerkuyumculuk.com.tr/js/converterf700.js]
[ozellerkuyumculuk.com.tr/js/main2c70.js]
[ozellerkuyumculuk.com.tr/images/bilezik.png]
[ozellerkuyumculuk.com.tr/images/ceyrek.png]
[ozellerkuyumculuk.com.tr/images/ata-altin.png]
[ozellerkuyumculuk.com.tr/images/has-995.png]
[ozellerkuyumculuk.com.tr/images/instagram.png]
[ozellerkuyumculuk.com.tr/index.html]
[cdnjs.cloudflare.com/ajax/libs/font-awesome/4.5.0/css/font-awesome.min.css]
[cdnjs.cloudflare.com/ajax/libs/bootstrap/4.6.2/css/bootstrap.min.css]
[cdnjs.cloudflare.com/ajax/libs/socket.io/2.5.0/socket.io.js]
[ozellerkuyumculuk.com.tr/images/dark-bg.jpg]
[ozellerkuyumculuk.com.tr/css/style17d3.css]
